node.exe : ÔÜá Warning: 
Next.js inferred your 
workspace root, but it 
may not be correct.
At line:1 char:1
+ & "C:\Program 
Files\nodejs/node.exe" 
"C:\Program 
Files\nodejs/node_mo ...
+ ~~~~~~~~~~~~~~~~~~~~~~~
~~~~~~~~~~~~~~~~~~~~~~~~~
~~~~~~~~~~~~~~~~~~~~~
    + CategoryInfo       
       : NotSpecified:   
  (ÔÜá Warning: Ne...n   
 ot be correct.:Strin    
g) [], RemoteExcepti    
on
    + FullyQualifiedErro 
   rId : NativeCommandE  
  rror
 
 We detected multiple 
lockfiles and selected 
the directory of C:\Users
\papsi\package-lock.json 
as the root directory.
 To silence this 
warning, set 
`turbopack.root` in your 
Next.js config, or 
consider removing one of 
the lockfiles if it's 
not needed.
   See https://nextjs.org
/docs/app/api-reference/c
onfig/next-config-js/turb
opack#root-directory for 
more information.
 Detected additional 
lockfiles: 
   * C:\Users\papsi\Deskt
op\tj.designs\package-loc
k.json

Ôû▓ Next.js 16.2.1 (Turbopack)
- Environments: .env.local

  Creating an optimized production build ...
Ô£ô Compiled successfully in 54s
  Running TypeScript ...
Failed to type check.

.next/dev/types/validator
.ts:153:31
Type error: Type 'typeof 
import("C:/Users/papsi/De
sktop/tj.designs/src/app/
api/admin/orders/[id]/rou
te")' does not satisfy 
the constraint 'RouteHand
lerConfig<"/api/admin/ord
ers/[id]">'.
  Types of property 
'PATCH' are incompatible.
    Type '(request: 
NextRequest, { params }: 
{ params: { id: string; 
}; }) => Promise<NextResp
onse<any>>' is not 
assignable to type 
'(request: NextRequest, 
context: { params: 
Promise<{ id: string; 
}>; }) => void | 
Response | Promise<void 
| Response>'.
      Types of 
parameters '__1' and 
'context' are 
incompatible.
        Type '{ params: 
Promise<{ id: string; 
}>; }' is not assignable 
to type '{ params: { id: 
string; }; }'.
          Types of 
property 'params' are 
incompatible.
            Property 
'id' is missing in type 
'Promise<{ id: string; 
}>' but required in type 
'{ id: string; }'.

  [90m151 |[0m   
[36mtype[0m __IsExpecte
d<[33mSpecific[0m 
[36mextends[0m [33mRou
teHandlerConfig[0m<[32m
"/api/admin/orders/[id]"
[0m>> = [33mSpec...[0m
  [90m152 |[0m   
[36mconst[0m handler = 
{} [36mas[0m 
[36mtypeof[0m [36mimpo
rt[0m([32m"../../../src
/app/api/admin/orders/[id
]/route.js"[0m)
[31m[1m>[0m [90m153 
|[0m   [36mtype[0m 
__Check = __IsExpected<[
36mtypeof[0m handler>
  [90m    |[0m         
                      
[31m[1m^[0m
  [90m154 |[0m   
[90m// @ts-ignore[0m
  [90m155 |[0m   
[36mtype[0m __Unused = 
__Check
  [90m156 |[0m }
Next.js build worker 
exited with code: 1 and 
signal: null
